// Vitest Snapshot v1, https://vitest.dev/guide/snapshot.html

exports[`extract annottations from text 1`] = `
{
  "annotations": [],
  "code": "const x = 1;
// foo[3:5]
const y = 2;",
}
`;
