// Vitest Snapshot v1, https://vitest.dev/guide/snapshot.html

exports[`get theme colors from theme name from-css 1`] = `
{
  "background": "var(--ch-16)",
  "colorScheme": "var(--ch-0)",
  "editor": {
    "background": "var(--ch-16)",
    "foreground": "var(--ch-4)",
    "infoForeground": "var(--ch-19)",
    "lineHighlightBackground": "var(--ch-17)",
    "rangeHighlightBackground": "var(--ch-18)",
    "selectionBackground": "var(--ch-20)",
  },
  "editorGroup": {
    "border": "var(--ch-23)",
  },
  "editorGroupHeader": {
    "tabsBackground": "var(--ch-22)",
  },
  "editorLineNumber": {
    "foreground": "var(--ch-24)",
  },
  "focusBorder": "var(--ch-21)",
  "foreground": "var(--ch-4)",
  "icon": {
    "foreground": "var(--ch-15)",
  },
  "input": {
    "background": "var(--ch-16)",
    "border": "var(--ch-23)",
    "foreground": "var(--ch-4)",
  },
  "lighter": {
    "inlineBackground": "var(--ch-26)",
  },
  "list": {
    "activeSelectionBackground": "var(--ch-25)",
    "activeSelectionForeground": "var(--ch-4)",
    "hoverBackground": "var(--ch-17)",
    "hoverForeground": "var(--ch-4)",
  },
  "sideBar": {
    "background": "var(--ch-22)",
    "border": "var(--ch-23)",
    "foreground": "var(--ch-4)",
  },
  "tab": {
    "activeBackground": "var(--ch-16)",
    "activeBorder": "var(--ch-16)",
    "activeForeground": "var(--ch-4)",
    "border": "var(--ch-23)",
    "inactiveBackground": "var(--ch-22)",
    "inactiveForeground": "var(--ch-15)",
  },
}
`;
